// Jest Snapshot v1, https://goo.gl/fbAQLP

exports[`InputText rendering Should render 1`] = `
<input
  type="text"
/>
`;
