// Jest Snapshot v1, https://goo.gl/fbAQLP

exports[`Label (Snapshot) Label renders the text 1`] = `
<span>
  hello
</span>
`;
