// Jest Snapshot v1, https://goo.gl/fbAQLP

exports[`ResultItem rendering Should render result item 1`] = `
<div
  style={
    Object {
      "border": "1px solid black",
    }
  }
>
  <a
    onClick={[Function]}
  >
    <p>
      <img
        src="http://example.com/poster.png"
      />
    </p>
    <p>
      <span>
        1970-01-01
      </span>
      Â 
      <span>
        Drama, Thriller, Comedy, War, Horror, All
      </span>
    </p>
    <p>
      <span>
        test movie
      </span>
    </p>
  </a>
</div>
`;
